f1 is: 5.00
f2 is: 6.00
f3 is: 7.00
i1 is: 1
i2 is: 2
i3 is: 1
b1 is: true
b2 is: false
b3 is: false
