0	0.00
1	10.70
2	21.40
3	32.10
4	42.80
5	53.50
6	64.20
7	74.90
8	85.60
9	96.30
7
8
9
10
Attempt to dereference NULL pointer.
