2 -5
 true = true, false = false
95.95 1234567.00 -0.01
2 -5
 true = true, false = false
95.95 1234567.00 -0.01
