100 200 400 50
101 202 0 0
102 204 408 51
103 206 0 0
104 208 416 52
105 210 0 0
106 212 424 53
107 214 0 0
108 216 432 54
109 218 0 0
