should be printed 1
should be printed 2
should be printed 3
should be printed 4
should be printed 2
should be printed 3
should be printed 4
should be printed 2
should be printed 3
should be printed 4
should be printed 2
should be printed 3
should be printed 4
ahoy counter: 10
should be printed 1
should be printed 2
should be printed 3
should be printed 4
should be printed 2
should be printed 3
should be printed 4
should be printed 2
should be printed 3
should be printed 4
should be printed 2
should be printed 3
should be printed 4
ahoy counter: 11
should be printed 1
should be printed 2
should be printed 3
should be printed 4
should be printed 2
should be printed 3
should be printed 4
should be printed 2
should be printed 3
should be printed 4
should be printed 2
should be printed 3
should be printed 4
ahoy counter: 12
should be printed 1
should be printed 2
should be printed 3
should be printed 4
should be printed 2
should be printed 3
should be printed 4
should be printed 2
should be printed 3
should be printed 4
should be printed 2
should be printed 3
should be printed 4
ahoy counter: 13
should be printed 1
should be printed 2
should be printed 3
should be printed 4
should be printed 2
should be printed 3
should be printed 4
should be printed 2
should be printed 3
should be printed 4
should be printed 2
should be printed 3
should be printed 4
ahoy counter: 14
