Error, "/tmp/cs131_testrunner_MsTaux/file.rc", line 4: 
  Incompatible type float to binary operator %, equivalent to int expected.
Compile: failure.
