Error, "/tmp/cs131_testrunner_FuTaux/file.rc", line 4: 
  Incompatible type bool to binary operator ^, equivalent to int expected.
Compile: failure.
