Error, "/tmp/cs131_testrunner_kz_qMF/file.rc": 
  Incompatible type bool to binary operator +, numeric expected.
Compile: failure.
