Error, "/tmp/cs131_testrunner_ZuTaux/file.rc", line 4: 
  Incompatible type bool to binary operator *, numeric expected.
Compile: failure.
