Error, "/tmp/cs131_testrunner_KyjrMF/file.rc": 
  Incompatible type float to binary operator |, equivalent to int expected.
Compile: failure.
