Error, "/tmp/cs131_testrunner_SvTaux/file.rc", line 7: 
  Incompatible type bool to binary operator *, numeric expected.
Compile: failure.
