Error, "/tmp/cs131_testrunner_VvTaux/file.rc", line 7: 
  Value of type float not assignable to variable of type int.
Compile: failure.
