Error, "/tmp/cs131_testrunner_4wTaux/file.rc", line 7: 
  Number of arguments (0) differs from number of parameters (1).
Compile: failure.
