Error, "/tmp/cs131_testrunner_6wTaux/file.rc", line 7: 
  Argument of type bool not assignable to value parameter a, of type float.
Compile: failure.
