Error, "/tmp/cs131_testrunner_mxTaux/file.rc", line 3: 
  Return in function requires a result expression, none found.
Compile: failure.
