Error, "/tmp/cs131_testrunner_TxTaux/file.rc", line 9: 
  Exit expression (type float) is not assignable to int.
Error, "/tmp/cs131_testrunner_TxTaux/file.rc", line 16: 
  Exit expression (type bool) is not assignable to int.
Error, "/tmp/cs131_testrunner_TxTaux/file.rc", line 19: 
  Exit expression (type bool) is not assignable to int.
Compile: failure.
