Error, "/tmp/cs131_testrunner_yyTaux/file.rc", line 1: 
  syntax error near "}".
Compile: failure.
