Error, "/tmp/cs131_testrunner_SyTaux/file.rc", line 9: 
  Incompatible type int[5] to binary operator +, numeric expected.
Error, "/tmp/cs131_testrunner_SyTaux/file.rc", line 16: 
  Incompatible type float[1] to operator ++, equivalent to int, float, or pointer expected.
Error, "/tmp/cs131_testrunner_SyTaux/file.rc", line 17: 
  Incompatible type float[1] to operator --, equivalent to int, float, or pointer expected.
Error, "/tmp/cs131_testrunner_SyTaux/file.rc", line 18: 
  Incompatible type float[1] to unary operator !, equivalent to bool expected.
Compile: failure.
