Error, "/tmp/cs131_testrunner_ZyTaux/file.rc", line 14: 
  Argument of type int[5] not assignable to value parameter array, of type int[10].
Compile: failure.
