Error, "/tmp/cs131_testrunner_bBTaux/file.rc", line 9: 
  Incompatible types to operator ==:
    int*,
    bool*;
  both must be of equivalent pointer type.
Error, "/tmp/cs131_testrunner_bBTaux/file.rc", line 9: 
  Incompatible types to operator !=:
    int*,
    bool*;
  both must be of equivalent pointer type.
Error, "/tmp/cs131_testrunner_bBTaux/file.rc", line 12: 
  Value of type nullptr not assignable to variable of type int.
Compile: failure.
