Error, "/tmp/cs131_testrunner_JBTaux/file.rc", line 8: 
  Argument of type bool[4] not assignable to value parameter p2, of type bool*.
Compile: failure.
