Error, "/tmp/cs131_testrunner_S7mrMF/file.rc": 
  Incompatible type bool to binary operator +, numeric expected.
Error, "/tmp/cs131_testrunner_S7mrMF/file.rc": 
  Incompatible type bool to binary operator +, numeric expected.
Error, "/tmp/cs131_testrunner_S7mrMF/file.rc": 
  Incompatible type bool to binary operator +, numeric expected.
Error, "/tmp/cs131_testrunner_S7mrMF/file.rc": 
  Incompatible type bool to binary operator +, numeric expected.
Error, "/tmp/cs131_testrunner_S7mrMF/file.rc": 
  Incompatible type bool to binary operator +, numeric expected.
Compile: failure.
