Error, "/tmp/cs131_testrunner_M8mrMF/file.rc": 
  Type of return expression (bool), not assignment compatible with function's return type (float).
Error, "/tmp/cs131_testrunner_M8mrMF/file.rc": 
  Number of arguments (0) differs from number of parameters (1).
Error, "/tmp/cs131_testrunner_M8mrMF/file.rc": 
  Return required in function, none found.
Compile: failure.
