Error, "/tmp/cs131_testrunner_iETaux/file.rc", line 4: 
  Return required in function, none found.
Compile: failure.
