Error, "/tmp/cs131_testrunner_2FTaux/file.rc", line 10: 
  Type of expression referenced by array subscript (int) is not of array or pointer type.
Error, "/tmp/cs131_testrunner_2FTaux/file.rc", line 11: 
  Value of type bool not assignable to variable of type int.
Error, "/tmp/cs131_testrunner_2FTaux/file.rc", line 12: 
  Type of expression referenced by array subscript (bool) is not of array or pointer type.
Compile: failure.
