Error, "/tmp/cs131_testrunner_cGTaux/file.rc", line 7: 
  Type of expression referenced by array subscript (float) is not of array or pointer type.
Error, "/tmp/cs131_testrunner_cGTaux/file.rc", line 7: 
  Type of expression referenced by array subscript (float) is not of array or pointer type.
Error, "/tmp/cs131_testrunner_cGTaux/file.rc", line 12: 
  Argument of type float[10][11] not equivalent to reference parameter a, of type float.
Compile: failure.
