Error, "/tmp/cs131_testrunner_KITaux/file.rc", line 8: 
  Left-hand operand is not assignable (not a modifiable L-value).
Error, "/tmp/cs131_testrunner_KITaux/file.rc", line 14: 
  Incompatible type int*** to binary operator +, numeric expected.
Compile: failure.
