Error, "/tmp/cs131_testrunner_sJTaux/file.rc", line 5: 
  Return required in function, none found.
Compile: failure.
